
> test:contracts
> node --experimental-strip-types --test tests/server-order.test.mjs tests/refresh.test.mjs tests/registry.test.mjs tests/runtime.test.mjs tests/scalar-query.test.mjs tests/scalar-membership.test.mjs tests/snapshot-encoding.test.mjs tests/pruning.test.mjs tests/dependencies.test.mjs tests/handler-dependencies.test.mjs tests/function-dependencies.test.mjs tests/compiled-dependencies.test.mjs tests/schema-snapshot.test.mjs tests/sql-effects.test.mjs tests/oracle-evidence.test.mjs tests/oracle-boundaries.test.mjs

(node:61696) ExperimentalWarning: Type Stripping is an experimental feature and might change at any time
(Use `node --trace-warnings ...` to show where the warning was created)
TAP version 13
# (node:61697) ExperimentalWarning: Type Stripping is an experimental feature and might change at any time
# (Use `node --trace-warnings ...` to show where the warning was created)
# Subtest: compilation emits inspected read and write footprints, without catalog code
ok 1 - compilation emits inspected read and write footprints, without catalog code
  ---
  duration_ms: 3060.321209
  ...
# Subtest: absent connection configuration removes stale compilation evidence
ok 2 - absent connection configuration removes stale compilation evidence
  ---
  duration_ms: 155.772834
  ...
# (node:61698) ExperimentalWarning: Type Stripping is an experimental feature and might change at any time
# (Use `node --trace-warnings ...` to show where the warning was created)
# Subtest: disjoint complete dependencies skip reads after the handler closes
ok 3 - disjoint complete dependencies skip reads after the handler closes
  ---
  duration_ms: 3.108959
  ...
# Subtest: optimistic targets and missing baselines require authority even for disjoint writes
ok 4 - optimistic targets and missing baselines require authority even for disjoint writes
  ---
  duration_ms: 1.646041
  ...
# Subtest: unknown read or write effects cannot establish disjointness
ok 5 - unknown read or write effects cannot establish disjointness
  ---
  duration_ms: 1.021542
  ...
# Subtest: admission includes skipped instances and runs before writes
ok 6 - admission includes skipped instances and runs before writes
  ---
  duration_ms: 0.338084
  ...
# Subtest: partial commit errors still reconcile the complete write set
ok 7 - partial commit errors still reconcile the complete write set
  ---
  duration_ms: 0.359833
  ...
# Subtest: multi-relation queries include auth dependencies and distinguish schema and authority
ok 8 - multi-relation queries include auth dependencies and distinguish schema and authority
  ---
  duration_ms: 0.248458
  ...
# Subtest: parameterized unaffected identities survive the application transport serializer
ok 9 - parameterized unaffected identities survive the application transport serializer
  ---
  duration_ms: 5.559041
  ...
# (node:61699) ExperimentalWarning: Type Stripping is an experimental feature and might change at any time
# (Use `node --trace-warnings ...` to show where the warning was created)
# Subtest: follows aliased reexports, local helpers and transaction parameters
ok 10 - follows aliased reexports, local helpers and transaction parameters
  ---
  duration_ms: 3079.049333
  ...
# Subtest: unions writes through branches and callbacks, including writes before failure
ok 11 - unions writes through branches and callbacks, including writes before failure
  ---
  duration_ms: 899.982958
  ...
# Subtest: follows returned service objects and query transforms
ok 12 - follows returned service objects and query transforms
  ---
  duration_ms: 540.643208
  ...
# Subtest: unknown effects, recursive calls and raw SQL cannot yield partial proofs
ok 13 - unknown effects, recursive calls and raw SQL cannot yield partial proofs
  ---
  duration_ms: 1342.414542
  ...
# Subtest: helper source changes invalidate endpoint versions
ok 14 - helper source changes invalidate endpoint versions
  ---
  duration_ms: 719.283042
  ...
# Subtest: driver coercions cannot hide writes in SQL argument objects
ok 15 - driver coercions cannot hide writes in SQL argument objects
  ---
  duration_ms: 566.548792
  ...
# Subtest: function parameters preserve callbacks and namespace aliases
ok 16 - function parameters preserve callbacks and namespace aliases
  ---
  duration_ms: 548.05275
  ...
# Subtest: reassigned exported functions keep unknown effects
ok 17 - reassigned exported functions keep unknown effects
  ---
  duration_ms: 500.811417
  ...
# Subtest: ordinary validation and transforms in service functions preserve write discovery
ok 18 - ordinary validation and transforms in service functions preserve write discovery
  ---
  duration_ms: 747.657292
  ...
# Subtest: validator callbacks with database effects remain unknown
ok 19 - validator callbacks with database effects remain unknown
  ---
  duration_ms: 691.51425
  ...
# (node:61700) ExperimentalWarning: Type Stripping is an experimental feature and might change at any time
# (Use `node --trace-warnings ...` to show where the warning was created)
# Subtest: direct read dependencies come from the actual Drizzle table binding
ok 20 - direct read dependencies come from the actual Drizzle table binding
  ---
  duration_ms: 14.551791
  ...
# Subtest: one direct insert, update or delete yields a bounded write candidate
ok 21 - one direct insert, update or delete yields a bounded write candidate
  ---
  duration_ms: 16.699125
  ...
# Subtest: opaque calls, additional SQL, raw SQL and validator effects remain unknown
ok 22 - opaque calls, additional SQL, raw SQL and validator effects remain unknown
  ---
  duration_ms: 153.747667
  ...
# (node:61701) ExperimentalWarning: Type Stripping is an experimental feature and might change at any time
# (Use `node --trace-warnings ...` to show where the warning was created)
# Subtest: the dependency property rejects an earlier different failure before visiting later histories
ok 23 - the dependency property rejects an earlier different failure before visiting later histories
  ---
  duration_ms: 560.957084
  ...
# Subtest: the concurrent checkpoint preserves the complete drained publication batch before a mismatch
ok 24 - the concurrent checkpoint preserves the complete drained publication batch before a mismatch
  ---
  duration_ms: 311.82425
  ...
# Subtest: response observation failures remain secondary evidence when a row assertion fails first
ok 25 - response observation failures remain secondary evidence when a row assertion fails first
  ---
  duration_ms: 60.022084
  ...
# Subtest: a delivery checkpoint cannot complete while client receipt processing is held
ok 26 - a delivery checkpoint cannot complete while client receipt processing is held
  ---
  duration_ms: 117.16475
  ...
# Subtest: every runtime mutant applies once to current source and retains valid TypeScript
ok 27 - every runtime mutant applies once to current source and retains valid TypeScript
  ---
  duration_ms: 525.327583
  ...
# Subtest: the live source-map boundary accepts empty client maps and rejects server source graphs
ok 28 - the live source-map boundary accepts empty client maps and rejects server source graphs
  ---
  duration_ms: 1052.940291
  ...
# (node:61702) ExperimentalWarning: Type Stripping is an experimental feature and might change at any time
# (Use `node --trace-warnings ...` to show where the warning was created)
# Subtest: shrinking retains the same law, checkpoint, operation and differing collection
ok 29 - shrinking retains the same law, checkpoint, operation and differing collection
  ---
  duration_ms: 29.528833
  ...
# Subtest: cleanup preserves the frozen mismatch and attempts every release after failures
ok 30 - cleanup preserves the frozen mismatch and attempts every release after failures
  ---
  duration_ms: 11.538125
  ...
# Subtest: replay distinguishes the original violation, a different failure and a repaired history
ok 31 - replay distinguishes the original violation, a different failure and a repaired history
  ---
  duration_ms: 116.975167
  ...
# Subtest: fast-check cannot shrink a row failure into a build failure
ok 32 - fast-check cannot shrink a row failure into a build failure
  ---
  duration_ms: 28.853291
  ...
# Subtest: the persisted final verdict includes teardown failures after successful comparisons
ok 33 - the persisted final verdict includes teardown failures after successful comparisons
  ---
  duration_ms: 157.055166
  ...
# Subtest: a nested runner cannot hide an earlier different failure and accept a later matching failure
ok 34 - a nested runner cannot hide an earlier different failure and accept a later matching failure
  ---
  duration_ms: 21.652875
  ...
# Subtest: a requested fault that survives or is never reached cannot report a passing control
ok 35 - a requested fault that survives or is never reached cannot report a passing control
  ---
  duration_ms: 57.795833
  ...
# Subtest: generated row-field failures retain their semantic distinction through shrinking and replay
ok 36 - generated row-field failures retain their semantic distinction through shrinking and replay
  ---
  duration_ms: 1565.8415
  ...
# Subtest: legacy mutation-control namespaces cannot report an ordinary green
ok 37 - legacy mutation-control namespaces cannot report an ordinary green
  ---
  duration_ms: 117.81025
  ...
# Subtest: a changed executable reference is represented in startup provenance
ok 38 - a changed executable reference is represented in startup provenance
  ---
  duration_ms: 15.6515
  ...
# Subtest: row ordering and membership remain different accusations when both first differ at id
ok 39 - row ordering and membership remain different accusations when both first differ at id
  ---
  duration_ms: 645.10275
  ...
# Subtest: a fault reached in a different case cannot claim an earlier unrelated rejection
ok 40 - a fault reached in a different case cannot claim an earlier unrelated rejection
  ---
  duration_ms: 22.521666
  ...
# (node:61703) ExperimentalWarning: Type Stripping is an experimental feature and might change at any time
# (Use `node --trace-warnings ...` to show where the warning was created)
# Subtest: only a server-issued baseline with unchanged complete dependencies skips a read
ok 41 - only a server-issued baseline with unchanged complete dependencies skips a read
  ---
  duration_ms: 4.948209
  ...
# Subtest: unknown, cross-scope, cross-instance and expired baselines refresh
ok 42 - unknown, cross-scope, cross-instance and expired baselines refresh
  ---
  duration_ms: 1.020917
  ...
# Subtest: unknown dependencies refresh and cannot reuse an older certificate
ok 43 - unknown dependencies refresh and cannot reuse an older certificate
  ---
  duration_ms: 0.281292
  ...
# Subtest: a revision is captured before its rows, never after them
ok 44 - a revision is captured before its rows, never after them
  ---
  duration_ms: 0.285375
  ...
# Subtest: evicting a server baseline only forces a full read
ok 45 - evicting a server baseline only forces a full read
  ---
  duration_ms: 72.254333
  ...
# Subtest: parameterized baseline identities survive the actual transport serializer
ok 46 - parameterized baseline identities survive the actual transport serializer
  ---
  duration_ms: 6.7525
  ...
# (node:61704) ExperimentalWarning: Type Stripping is an experimental feature and might change at any time
# (Use `node --trace-warnings ...` to show where the warning was created)
# Subtest: unknown and duplicate read identities reject before the write
ok 47 - unknown and duplicate read identities reject before the write
  ---
  duration_ms: 1.585125
  ...
# Subtest: opaque writes still refresh every requested read after the handler completes
ok 48 - opaque writes still refresh every requested read after the handler completes
  ---
  duration_ms: 1.886209
  ...
# Subtest: a rejected handler is not retried and still reconciles reads
ok 49 - a rejected handler is not retried and still reconciles reads
  ---
  duration_ms: 0.321417
  ...
# Subtest: a later SQL failure preserves committed effects in the reconciliation response
ok 50 - a later SQL failure preserves committed effects in the reconciliation response
  ---
  duration_ms: 3013.753125
  ...
# Subtest: exhausted reads retain handler success or failure without repeating the handler
ok 51 - exhausted reads retain handler success or failure without repeating the handler
  ---
  duration_ms: 7006.958167
  ...
# (node:61705) ExperimentalWarning: Type Stripping is an experimental feature and might change at any time
# (Use `node --trace-warnings ...` to show where the warning was created)
# Subtest: endpoint modules compile independently of the original filename
ok 52 - endpoint modules compile independently of the original filename
  ---
  duration_ms: 44.431917
  ...
# Subtest: query parameters reach the server and instantiate client membership
ok 53 - query parameters reach the server and instantiate client membership
  ---
  duration_ms: 24.916042
  ...
# Subtest: registered query instances validate before a mutation starts
ok 54 - registered query instances validate before a mutation starts
  ---
  duration_ms: 265.597167
  ...
# Subtest: server registry discovers query modules absent from the current import graph
ok 55 - server registry discovers query modules absent from the current import graph
  ---
  duration_ms: 43.533917
  ...
# Subtest: only declared scalar parameters enter the optimistic predicate
ok 56 - only declared scalar parameters enter the optimistic predicate
  ---
  duration_ms: 19.808708
  ...
# Subtest: nested query modules resolve shared runtime and relation bindings
ok 57 - nested query modules resolve shared runtime and relation bindings
  ---
  duration_ms: 15.72925
  ...
# (node:61706) ExperimentalWarning: Type Stripping is an experimental feature and might change at any time
# (Use `node --trace-warnings ...` to show where the warning was created)
# TAP version 13
# \# Subtest: overlapping actions use authority read after both handlers close
# ok 1 - overlapping actions use authority read after both handlers close
#   ---
#   duration_ms: 38.423375
#   ...
# \# Subtest: a held ordinary read cannot replace authority after its action retires
# ok 2 - a held ordinary read cannot replace authority after its action retires
#   ---
#   duration_ms: 18.484917
#   ...
# \# Subtest: optimistic fanout publishes both collections before either subscriber runs
# ok 3 - optimistic fanout publishes both collections before either subscriber runs
#   ---
#   duration_ms: 28.746708
#   ...
# \# Subtest: a collection created during a write joins authoritative coverage
# ok 4 - a collection created during a write joins authoritative coverage
#   ---
#   duration_ms: 6.076709
#   ...
# \# Subtest: reentrant actions preserve event order for every subscriber
# ok 5 - reentrant actions preserve event order for every subscriber
#   ---
#   duration_ms: 4.016292
#   ...
# \# Subtest: local rollback publishes every recipient together and does not cancel remote coverage
# ok 6 - local rollback publishes every recipient together and does not cancel remote coverage
#   ---
#   duration_ms: 7.973709
#   ...
# \# Subtest: a retired read cannot block initial coverage of the restarted collection
# ok 7 - a retired read cannot block initial coverage of the restarted collection
#   ---
#   duration_ms: 9.040458
#   ...
# \# Subtest: an unsent authored failure does not leave a remote obligation
# ok 8 - an unsent authored failure does not leave a remote obligation
#   ---
#   duration_ms: 12.720625
#   ...
# \# Subtest: a known read failure recovers without repeating its write
# ok 9 - a known read failure recovers without repeating its write
#   ---
#   duration_ms: 6.003208
#   ...
# \# Subtest: a later healthy response cannot discharge an unknown remote write
# ok 10 - a later healthy response cannot discharge an unknown remote write
#   ---
#   duration_ms: 2.181292
#   ...
# \# Subtest: a new action invalidates an in-flight repair without waiting for its obsolete read
# ok 11 - a new action invalidates an in-flight repair without waiting for its obsolete read
#   ---
#   duration_ms: 9.356167
#   ...
# \# Subtest: shared snapshots preserve extra columns and collection-local optimistic ownership
# ok 12 - shared snapshots preserve extra columns and collection-local optimistic ownership
#   ---
#   duration_ms: 4.06575
#   ...
# \# Subtest: malformed shared indexes reject before installing any authority
# ok 13 - malformed shared indexes reject before installing any authority
#   ---
#   duration_ms: 7.132458
#   ...
# \# Subtest: authority cannot silently omit a selected scalar column
# ok 14 - authority cannot silently omit a selected scalar column
#   ---
#   duration_ms: 1.420666
#   ...
# \# Subtest: parameterized collections have stable distinct identities and send every retained instance
# ok 15 - parameterized collections have stable distinct identities and send every retained instance
#   ---
#   duration_ms: 3.695542
#   ...
# \# Subtest: registry admission rejection closes the operation and permits a later healthy mutation
# ok 16 - registry admission rejection closes the operation and permits a later healthy mutation
#   ---
#   duration_ms: 1.701875
#   ...
# \# Subtest: incompatible cross-module projections reject before creating an optimistic recipient
# ok 17 - incompatible cross-module projections reject before creating an optimistic recipient
#   ---
#   duration_ms: 0.826125
#   ...
# \# Subtest: a parameter instance created during a mutation joins fresh authoritative coverage
# ok 18 - a parameter instance created during a mutation joins fresh authoritative coverage
#   ---
#   duration_ms: 2.247084
#   ...
# \# Subtest: unchanged authority preserves confirmed rows and retires a wrong optimistic guess
# ok 19 - unchanged authority preserves confirmed rows and retires a wrong optimistic guess
#   ---
#   duration_ms: 9.89025
#   ...
# \# Subtest: unmatched unchanged certificates cannot settle an action
# ok 20 - unmatched unchanged certificates cannot settle an action
#   ---
#   duration_ms: 0.911333
#   ...
# \# Subtest: overlapping unchanged responses still require a fresh authority read
# ok 21 - overlapping unchanged responses still require a fresh authority read
#   ---
#   duration_ms: 2.731333
#   ...
# \# Subtest: an unchanged optimistic value still executes and reconciles the server mutation
# ok 22 - an unchanged optimistic value still executes and reconciles the server mutation
#   ---
#   duration_ms: 1.000208
#   ...
# \# Subtest: selective authority retires optimism while leaving unrelated external writes undiscovered
# ok 23 - selective authority retires optimism while leaving unrelated external writes undiscovered
#   ---
#   duration_ms: 9.175125
#   ...
# \# Subtest: unaffected responses cannot omit, duplicate, invent, or skip optimistic targets
# ok 24 - unaffected responses cannot omit, duplicate, invent, or skip optimistic targets
#   ---
#   duration_ms: 9.391375
#   ...
# \# Subtest: overlapping selective responses still require a fresh read after both handlers close
# ok 25 - overlapping selective responses still require a fresh read after both handlers close
#   ---
#   duration_ms: 3.833834
#   ...
# \# Subtest: endpoint refetch discovers external writes without a mutation
# ok 26 - endpoint refetch discovers external writes without a mutation
#   ---
#   duration_ms: 1.401083
#   ...
# \# Subtest: authority is installed before a post-commit handler error retires the overlay
# ok 27 - authority is installed before a post-commit handler error retires the overlay
#   ---
#   duration_ms: 14.745
#   ...
# \# Subtest: client ordering and optimistic inserts match PostgreSQL C order for Unicode IDs
# ok 28 - client ordering and optimistic inserts match PostgreSQL C order for Unicode IDs
#   ---
#   duration_ms: 4.1625
#   ...
# \# Subtest: malformed authority rejects before installing any collection snapshot
# ok 29 - malformed authority rejects before installing any collection snapshot
#   ---
#   duration_ms: 11.027542
#   ...
# \# Subtest: generated invalid snapshots cannot partly replace the confirmed baseline
# ok 30 - generated invalid snapshots cannot partly replace the confirmed baseline
#   ---
#   duration_ms: 326.680667
#   ...
# \# Subtest: non-fixture scopes reconcile application rows without Todo fields
# ok 31 - non-fixture scopes reconcile application rows without Todo fields
#   ---
#   duration_ms: 5.280833
#   ...
# 1..31
# \# tests 31
# \# suites 0
# \# pass 31
# \# fail 0
# \# cancelled 0
# \# skipped 0
# \# todo 0
# \# duration_ms 587.278541
# Subtest: actual collection runtime regressions against PostgreSQL order
ok 58 - actual collection runtime regressions against PostgreSQL order
  ---
  duration_ms: 3779.622167
  ...
# (node:61707) ExperimentalWarning: Type Stripping is an experimental feature and might change at any time
# (Use `node --trace-warnings ...` to show where the warning was created)
# Subtest: DB scalar membership agrees with PostgreSQL three-valued predicates
ok 59 - DB scalar membership agrees with PostgreSQL three-valued predicates
  ---
  duration_ms: 3136.5935
  ...
# (node:61716) ExperimentalWarning: Type Stripping is an experimental feature and might change at any time
# (Use `node --trace-warnings ...` to show where the warning was created)
# Subtest: scalar queries retain relation identity and nullable predicate structure
ok 60 - scalar queries retain relation identity and nullable predicate structure
  ---
  duration_ms: 142.797292
  ...
# Subtest: unsupported SQL and untrusted operators remain explicit rejections
ok 61 - unsupported SQL and untrusted operators remain explicit rejections
  ---
  duration_ms: 62.100291
  ...
# Subtest: incompatible row projections on the same relation cannot share optimism
ok 62 - incompatible row projections on the same relation cannot share optimism
  ---
  duration_ms: 6.9765
  ...
# (node:61717) ExperimentalWarning: Type Stripping is an experimental feature and might change at any time
# (Use `node --trace-warnings ...` to show where the warning was created)
# Subtest: catalog footprints follow transitive FK actions and stop at unknown recipients
ok 63 - catalog footprints follow transitive FK actions and stop at unknown recipients
  ---
  duration_ms: 2442.058542
  ...
# Subtest: policies, views, custom types, defaults and generated values keep the fallback
ok 64 - policies, views, custom types, defaults and generated values keep the fallback
  ---
  duration_ms: 858.348167
  ...
# (node:61718) ExperimentalWarning: Type Stripping is an experimental feature and might change at any time
# (Use `node --trace-warnings ...` to show where the warning was created)
# Subtest: component declarations carry server order in priority order
ok 65 - component declarations carry server order in priority order
  ---
  duration_ms: 555.9705
  ...
# Subtest: sort columns must be selected
ok 66 - sort columns must be selected
  ---
  duration_ms: 19.585042
  ...
# Subtest: unsupported direction cannot silently lose client ordering
ok 67 - unsupported direction cannot silently lose client ordering
  ---
  duration_ms: 7.904041
  ...
# Subtest: transformed responses cannot borrow intermediate query ordering
ok 68 - transformed responses cannot borrow intermediate query ordering
  ---
  duration_ms: 80.714542
  ...
# Subtest: server handler cannot capture the bound client
ok 69 - server handler cannot capture the bound client
  ---
  duration_ms: 19.753958
  ...
# Subtest: server handler cannot capture component state
ok 70 - server handler cannot capture component state
  ---
  duration_ms: 7.453667
  ...
# Subtest: input validator cannot capture component state
ok 71 - input validator cannot capture component state
  ---
  duration_ms: 33.901208
  ...
# Subtest: optimistic callback stays within the component while RPCs move to module scope
ok 72 - optimistic callback stays within the component while RPCs move to module scope
  ---
  duration_ms: 85.332542
  ...
# Subtest: a row predicate is carried as data without the server auth expression
ok 73 - a row predicate is carried as data without the server auth expression
  ---
  duration_ms: 28.757791
  ...
# Subtest: unsupported query arguments fail before generating an incorrectly scoped request
ok 74 - unsupported query arguments fail before generating an incorrectly scoped request
  ---
  duration_ms: 9.383375
  ...
# Subtest: same local names in separate lexical scopes have distinct stable identities
ok 75 - same local names in separate lexical scopes have distinct stable identities
  ---
  duration_ms: 11.116041
  ...
# Subtest: non-endpoint instrumentation does not change declaration identities
ok 76 - non-endpoint instrumentation does not change declaration identities
  ---
  duration_ms: 222.323833
  ...
# Subtest: build-time schema dependencies never become client module dependencies
ok 77 - build-time schema dependencies never become client module dependencies
  ---
  duration_ms: 23.906875
  ...
# Subtest: server logging remains inside the handler boundary
ok 78 - server logging remains inside the handler boundary
  ---
  duration_ms: 48.604708
  ...
# (node:61720) ExperimentalWarning: Type Stripping is an experimental feature and might change at any time
# (Use `node --trace-warnings ...` to show where the warning was created)
# Subtest: shared encoding preserves differing rows with the same key, types, order and empty results
ok 79 - shared encoding preserves differing rows with the same key, types, order and empty results
  ---
  duration_ms: 2.819958
  ...
# Subtest: adaptive encoding keeps full snapshots when sharing adds bytes or values are unsupported
ok 80 - adaptive encoding keeps full snapshots when sharing adds bytes or values are unsupported
  ---
  duration_ms: 0.366083
  ...
# Subtest: distinct compiler relation groups bypass row encoding entirely
ok 81 - distinct compiler relation groups bypass row encoding entirely
  ---
  duration_ms: 0.099792
  ...
# Subtest: disjoint row keys bypass payload encoding even within the same relation
ok 82 - disjoint row keys bypass payload encoding even within the same relation
  ---
  duration_ms: 0.217667
  ...
# (node:61722) ExperimentalWarning: Type Stripping is an experimental feature and might change at any time
# (Use `node --trace-warnings ...` to show where the warning was created)
# Subtest: SQL bodies retain hidden reads through recursive calls and misleading volatility labels
ok 83 - SQL bodies retain hidden reads through recursive calls and misleading volatility labels
  ---
  duration_ms: 1286.868625
  ...
# Subtest: defaults contribute writes only when selected, including positional omission and upsert DEFAULT
ok 84 - defaults contribute writes only when selected, including positional omission and upsert DEFAULT
  ---
  duration_ms: 634.604417
  ...
# Subtest: foreign key effects follow the event and changed key rather than predicate reads
ok 85 - foreign key effects follow the event and changed key rather than predicate reads
  ---
  duration_ms: 2628.160625
  ...
# Subtest: unsupported procedural bodies are unknown at the call and trigger event, including zero-row writes
ok 86 - unsupported procedural bodies are unknown at the call and trigger event, including zero-row writes
  ---
  duration_ms: 567.467166
  ...
# Subtest: stored generated values, checks, and SQL expression indexes preserve ordinary table effects
ok 87 - stored generated values, checks, and SQL expression indexes preserve ordinary table effects
  ---
  duration_ms: 525.746709
  ...
# Subtest: complete overload unions retain every possible body and incompatible artifacts do not prove independence
ok 88 - complete overload unions retain every possible body and incompatible artifacts do not prove independence
  ---
  duration_ms: 642.362667
  ...
1..88
# tests 88
# suites 0
# pass 88
# fail 0
# cancelled 0
# skipped 0
# todo 0
# duration_ms 10348.269208
