
> test:contracts
> node --experimental-strip-types --test tests/server-order.test.mjs tests/refresh.test.mjs tests/registry.test.mjs tests/runtime.test.mjs tests/scalar-query.test.mjs tests/scalar-membership.test.mjs tests/snapshot-encoding.test.mjs tests/pruning.test.mjs tests/dependencies.test.mjs

✔ disjoint complete dependencies skip reads after the handler closes (1.725375ms)
✔ optimistic targets and missing baselines require authority even for disjoint writes (0.775125ms)
✔ unknown read or write effects cannot establish disjointness (1.032916ms)
✔ admission includes skipped instances and runs before writes (0.27975ms)
✔ partial commit errors still reconcile the complete write set (0.486084ms)
✔ multi-relation queries include auth dependencies and distinguish schema and authority (0.459625ms)
✔ parameterized unaffected identities survive the application transport serializer (10.216709ms)
✔ only a server-issued baseline with unchanged complete dependencies skips a read (1.972042ms)
✔ unknown, cross-scope, cross-instance and expired baselines refresh (0.452792ms)
✔ unknown dependencies refresh and cannot reuse an older certificate (0.207ms)
✔ a revision is captured before its rows, never after them (0.227291ms)
✔ evicting a server baseline only forces a full read (64.756667ms)
✔ parameterized baseline identities survive the actual transport serializer (11.930667ms)
✔ unknown and duplicate read identities reject before the write (2.850625ms)
✔ opaque writes still refresh every requested read after the handler completes (0.679875ms)
✔ a rejected handler is not retried and still reconciles reads (0.143166ms)
✔ a later SQL failure preserves committed effects in the reconciliation response (1628.726291ms)
✔ exhausted reads retain handler success or failure without repeating the handler (7007.034333ms)
✔ endpoint modules compile independently of the original filename (24.077ms)
✔ query parameters reach the server and instantiate client membership (34.186375ms)
✔ registered query instances validate before a mutation starts (92.221958ms)
✔ server registry discovers query modules absent from the current import graph (75.8185ms)
✔ only declared scalar parameters enter the optimistic predicate (12.152625ms)
✔ nested query modules resolve shared runtime and relation bindings (3.055458ms)
✔ overlapping actions use authority read after both handlers close (17.747708ms)
✔ a held ordinary read cannot replace authority after its action retires (5.787959ms)
✔ optimistic fanout publishes both collections before either subscriber runs (3.261292ms)
✔ a collection created during a write joins authoritative coverage (1.860125ms)
✔ reentrant actions preserve event order for every subscriber (3.851209ms)
✔ local rollback publishes every recipient together and does not cancel remote coverage (2.553584ms)
✔ a retired read cannot block initial coverage of the restarted collection (3.838709ms)
✔ an unsent authored failure does not leave a remote obligation (1.64825ms)
✔ a known read failure recovers without repeating its write (3.470666ms)
✔ a later healthy response cannot discharge an unknown remote write (1.492041ms)
✔ a new action invalidates an in-flight repair without waiting for its obsolete read (4.410834ms)
✔ shared snapshots preserve extra columns and collection-local optimistic ownership (2.092667ms)
✔ malformed shared indexes reject before installing any authority (2.852583ms)
✔ authority cannot silently omit a selected scalar column (0.72975ms)
✔ parameterized collections have stable distinct identities and send every retained instance (4.187916ms)
✔ registry admission rejection closes the operation and permits a later healthy mutation (1.081291ms)
✔ incompatible cross-module projections reject before creating an optimistic recipient (0.413959ms)
✔ a parameter instance created during a mutation joins fresh authoritative coverage (1.252292ms)
✔ unchanged authority preserves confirmed rows and retires a wrong optimistic guess (1.924833ms)
✔ unmatched unchanged certificates cannot settle an action (0.80525ms)
✔ overlapping unchanged responses still require a fresh authority read (5.873625ms)
✔ an unchanged optimistic value still executes and reconciles the server mutation (1.029541ms)
✔ selective authority retires optimism while leaving unrelated external writes undiscovered (1.781541ms)
✔ unaffected responses cannot omit, duplicate, invent, or skip optimistic targets (4.36525ms)
✔ overlapping selective responses still require a fresh read after both handlers close (1.888334ms)
✔ endpoint refetch discovers external writes without a mutation (1.076625ms)
✔ authority is installed before a post-commit handler error retires the overlay (0.976583ms)
✔ client ordering and optimistic inserts match PostgreSQL C order for Unicode IDs (1.056667ms)
✔ malformed authority rejects before installing any collection snapshot (6.176375ms)
✔ generated invalid snapshots cannot partly replace the confirmed baseline (121.51825ms)
✔ non-fixture scopes reconcile application rows without Todo fields (6.041708ms)
ℹ tests 31
ℹ suites 0
ℹ pass 31
ℹ fail 0
ℹ cancelled 0
ℹ skipped 0
ℹ todo 0
ℹ duration_ms 222.91875
✔ actual collection runtime regressions against PostgreSQL order (2050.829333ms)
✔ DB scalar membership agrees with PostgreSQL three-valued predicates (1799.310875ms)
✔ scalar queries retain relation identity and nullable predicate structure (33.173042ms)
✔ unsupported SQL and untrusted operators remain explicit rejections (48.561ms)
✔ incompatible row projections on the same relation cannot share optimism (4.294875ms)
✔ component declarations carry server order in priority order (180.274959ms)
✔ sort columns must be selected (16.65975ms)
✔ unsupported direction cannot silently lose client ordering (10.009125ms)
✔ transformed responses cannot borrow intermediate query ordering (6.310125ms)
✔ server handler cannot capture the bound client (20.467292ms)
✔ server handler cannot capture component state (11.148542ms)
✔ input validator cannot capture component state (11.555542ms)
✔ optimistic callback stays within the component while RPCs move to module scope (8.909583ms)
✔ a row predicate is carried as data without the server auth expression (8.126375ms)
✔ unsupported query arguments fail before generating an incorrectly scoped request (8.488875ms)
✔ same local names in separate lexical scopes have distinct stable identities (16.2455ms)
✔ non-endpoint instrumentation does not change declaration identities (41.268917ms)
✔ shared encoding preserves differing rows with the same key, types, order and empty results (17.506375ms)
✔ adaptive encoding keeps full snapshots when sharing adds bytes or values are unsupported (0.130583ms)
✔ distinct compiler relation groups bypass row encoding entirely (0.1145ms)
✔ disjoint row keys bypass payload encoding even within the same relation (0.0785ms)
ℹ tests 45
ℹ suites 0
ℹ pass 45
ℹ fail 0
ℹ cancelled 0
ℹ skipped 0
ℹ todo 0
ℹ duration_ms 8892.500334
