✔ only a server-issued baseline with unchanged complete dependencies skips a read (1.850542ms)
✔ unknown, cross-scope, cross-instance and expired baselines refresh (0.465583ms)
✔ unknown dependencies refresh and cannot reuse an older certificate (0.21925ms)
✔ a revision is captured before its rows, never after them (0.227375ms)
✔ evicting a server baseline only forces a full read (17.8055ms)
✖ parameterized baseline identities survive the actual transport serializer (6.429375ms)
ℹ tests 6
ℹ suites 0
ℹ pass 5
ℹ fail 1
ℹ cancelled 0
ℹ skipped 0
ℹ todo 0
ℹ duration_ms 124.310166

✖ failing tests:

test at tests/pruning.test.mjs:148:1
✖ parameterized baseline identities survive the actual transport serializer (6.429375ms)
  AssertionError [ERR_ASSERTION]: Expected values to be strictly equal:
  + actual - expected
  
  + '[\\"query\\",{\\"completed\\":false}]'
  - '["query",{"completed":false}]'
  
      at TestContext.<anonymous> (file:///Users/kylemathews/.codex/worktrees/e079/tanstack-db/probes/endpoints/integrated-todo/tests/pruning.test.mjs:157:10)
      at async Test.run (node:internal/test_runner/test:1088:7)
      at async Test.processPendingSubtests (node:internal/test_runner/test:763:7) {
    generatedMessage: true,
    code: 'ERR_ASSERTION',
    actual: '[\\"query\\",{\\"completed\\":false}]',
    expected: '["query",{"completed":false}]',
    operator: 'strictEqual'
  }
