✔ overlapping actions use authority read after both handlers close (19.0435ms)
✔ a held ordinary read cannot replace authority after its action retires (4.454458ms)
✔ optimistic fanout publishes both collections before either subscriber runs (2.894459ms)
✔ a collection created during a write joins authoritative coverage (1.745709ms)
✔ reentrant actions preserve event order for every subscriber (2.76325ms)
✔ local rollback publishes every recipient together and does not cancel remote coverage (3.19925ms)
✔ a retired read cannot block initial coverage of the restarted collection (3.669208ms)
✔ an unsent authored failure does not leave a remote obligation (1.739875ms)
✔ a known read failure recovers without repeating its write (3.203791ms)
✔ a later healthy response cannot discharge an unknown remote write (1.3795ms)
✔ a new action invalidates an in-flight repair without waiting for its obsolete read (2.894416ms)
✔ shared snapshots preserve extra columns and collection-local optimistic ownership (2.2845ms)
✔ malformed shared indexes reject before installing any authority (4.109ms)
✔ authority cannot silently omit a selected scalar column (0.86225ms)
✔ parameterized collections have stable distinct identities and send every retained instance (4.075916ms)
✔ registry admission rejection closes the operation and permits a later healthy mutation (1.331125ms)
✔ incompatible cross-module projections reject before creating an optimistic recipient (0.667833ms)
✔ a parameter instance created during a mutation joins fresh authoritative coverage (3.006167ms)
✔ authority is installed before a post-commit handler error retires the overlay (1.200292ms)
✔ client ordering and optimistic inserts match PostgreSQL C order for Unicode IDs (1.291625ms)
✔ malformed authority rejects before installing any collection snapshot (6.701458ms)
✔ generated invalid snapshots cannot partly replace the confirmed baseline (129.443666ms)
ℹ tests 22
ℹ suites 0
ℹ pass 22
ℹ fail 0
ℹ cancelled 0
ℹ skipped 0
ℹ todo 0
ℹ duration_ms 207.347459
✔ actual collection runtime regressions against PostgreSQL order (1165.250209ms)
ℹ tests 1
ℹ suites 0
ℹ pass 1
ℹ fail 0
ℹ cancelled 0
ℹ skipped 0
ℹ todo 0
ℹ duration_ms 1246.114959
