TLC2 Version 2.19 of 08 August 2024 (rev: 5a47802)
Running breadth-first search Model-Checking with fp 0 and seed 1 with 1 worker on 18 cores with 981MB heap and 64MB offheap memory [pid: 95546] (Mac OS X 26.6.2 aarch64, Eclipse Adoptium 21.0.12.1 x86_64, MSBDiskFPSet, DiskStateQueue).
Parsing file /private/tmp/pr1179-tla/deletion_queue_oracle.tla
Parsing file /private/var/folders/zy/zxh2j5n97vq2tt8d8q7_1t5r0000gp/T/Naturals.tla
Parsing file /private/var/folders/zy/zxh2j5n97vq2tt8d8q7_1t5r0000gp/T/Sequences.tla
Parsing file /private/var/folders/zy/zxh2j5n97vq2tt8d8q7_1t5r0000gp/T/TLC.tla
Parsing file /private/var/folders/zy/zxh2j5n97vq2tt8d8q7_1t5r0000gp/T/FiniteSets.tla
Semantic processing of module Naturals
Semantic processing of module Sequences
Semantic processing of module FiniteSets
Semantic processing of module TLC
Semantic processing of module deletion_queue_oracle
Starting... (2026-10-05 22:34:30)
Computing initial states...
Finished computing initial states: 1 distinct state generated at 2026-10-05 22:34:30.
Model checking completed. No error has been found.
  Estimates of the probability that TLC did not check all reachable states
  because two distinct states had the same fingerprint:
  calculated (optimistic):  val = 1.6E-17
35 states generated, 22 distinct states found, 0 states left on queue.
The depth of the complete state graph search is 11.
The average outdegree of the complete state graph is 1 (minimum is 0, the maximum 3 and the 95th percentile is 3).
Finished in 00s at (2026-10-05 22:34:30)
