TLC2 Version 2.19 of 08 August 2024 (rev: 5a47802)
Running breadth-first search Model-Checking with fp 0 and seed 1 with 1 worker on 18 cores with 981MB heap and 64MB offheap memory [pid: 95548] (Mac OS X 26.6.2 aarch64, Eclipse Adoptium 21.0.12.1 x86_64, MSBDiskFPSet, DiskStateQueue).
Parsing file /private/tmp/pr1179-tla/deletion_queue_oracle.tla
Parsing file /private/var/folders/zy/zxh2j5n97vq2tt8d8q7_1t5r0000gp/T/Naturals.tla
Parsing file /private/var/folders/zy/zxh2j5n97vq2tt8d8q7_1t5r0000gp/T/Sequences.tla
Parsing file /private/var/folders/zy/zxh2j5n97vq2tt8d8q7_1t5r0000gp/T/TLC.tla
Parsing file /private/var/folders/zy/zxh2j5n97vq2tt8d8q7_1t5r0000gp/T/FiniteSets.tla
Semantic processing of module Naturals
Semantic processing of module Sequences
Semantic processing of module FiniteSets
Semantic processing of module TLC
Semantic processing of module deletion_queue_oracle
Starting... (2026-10-05 22:34:31)
Computing initial states...
Finished computing initial states: 1 distinct state generated at 2026-10-05 22:34:31.
Error: Invariant RecreatedRowsSurviveOldReceipt is violated.
Error: The behavior up to this point is:
State 1: <Initial predicate>
s = [ position |-> 1,
  database |-> 1,
  managed |-> <<TRUE, FALSE>>,
  blockers |-> <<TRUE, TRUE>>,
  transactionActive |-> TRUE,
  status |-> <<"ready", "absent">>,
  publicRow |-> <<"A", "absent">>,
  createdSecond |-> FALSE,
  target |-> <<0, 0>>,
  request |-> <<"queued", "queued">>,
  nativeSuccess |-> {},
  callerSuccess |-> {},
  deletedWhileBlocked |-> FALSE ]

State 2: <AnnounceDelete line 43, col 3 to line 49, col 55 of module deletion_queue_oracle>
s = [ position |-> 1,
  database |-> 1,
  managed |-> <<FALSE, FALSE>>,
  blockers |-> <<TRUE, TRUE>>,
  transactionActive |-> TRUE,
  status |-> <<"error", "absent">>,
  publicRow |-> <<"A", "absent">>,
  createdSecond |-> FALSE,
  target |-> <<1, 0>>,
  request |-> <<"announced", "queued">>,
  nativeSuccess |-> {},
  callerSuccess |-> {},
  deletedWhileBlocked |-> FALSE ]

State 3: <FinishOldTransaction line 52, col 3 to line 53, col 48 of module deletion_queue_oracle>
s = [ position |-> 1,
  database |-> 1,
  managed |-> <<FALSE, FALSE>>,
  blockers |-> <<TRUE, TRUE>>,
  transactionActive |-> FALSE,
  status |-> <<"error", "absent">>,
  publicRow |-> <<"A", "absent">>,
  createdSecond |-> FALSE,
  target |-> <<1, 0>>,
  request |-> <<"announced", "queued">>,
  nativeSuccess |-> {},
  callerSuccess |-> {},
  deletedWhileBlocked |-> FALSE ]

State 4: <ReleaseBlocker line 56, col 3 to line 58, col 42 of module deletion_queue_oracle>
s = [ position |-> 1,
  database |-> 1,
  managed |-> <<FALSE, FALSE>>,
  blockers |-> <<FALSE, TRUE>>,
  transactionActive |-> FALSE,
  status |-> <<"error", "absent">>,
  publicRow |-> <<"A", "absent">>,
  createdSecond |-> FALSE,
  target |-> <<1, 0>>,
  request |-> <<"announced", "queued">>,
  nativeSuccess |-> {},
  callerSuccess |-> {},
  deletedWhileBlocked |-> FALSE ]

State 5: <FinishDelete line 61, col 3 to line 71, col 44 of module deletion_queue_oracle>
s = [ position |-> 2,
  database |-> 0,
  managed |-> <<FALSE, FALSE>>,
  blockers |-> <<FALSE, TRUE>>,
  transactionActive |-> FALSE,
  status |-> <<"error", "absent">>,
  publicRow |-> <<"A", "absent">>,
  createdSecond |-> FALSE,
  target |-> <<1, 0>>,
  request |-> <<"nativeSuccess", "queued">>,
  nativeSuccess |-> {1},
  callerSuccess |-> {},
  deletedWhileBlocked |-> FALSE ]

State 6: <Recreate line 74, col 3 to line 79, col 34 of module deletion_queue_oracle>
s = [ position |-> 3,
  database |-> 2,
  managed |-> <<FALSE, TRUE>>,
  blockers |-> <<FALSE, TRUE>>,
  transactionActive |-> FALSE,
  status |-> <<"error", "ready">>,
  publicRow |-> <<"A", "B">>,
  createdSecond |-> TRUE,
  target |-> <<1, 0>>,
  request |-> <<"nativeSuccess", "queued">>,
  nativeSuccess |-> {1},
  callerSuccess |-> {},
  deletedWhileBlocked |-> FALSE ]

State 7: <AnnounceDelete line 43, col 3 to line 49, col 55 of module deletion_queue_oracle>
s = [ position |-> 3,
  database |-> 2,
  managed |-> <<FALSE, FALSE>>,
  blockers |-> <<FALSE, TRUE>>,
  transactionActive |-> FALSE,
  status |-> <<"error", "error">>,
  publicRow |-> <<"A", "B">>,
  createdSecond |-> TRUE,
  target |-> <<1, 2>>,
  request |-> <<"nativeSuccess", "announced">>,
  nativeSuccess |-> {1},
  callerSuccess |-> {},
  deletedWhileBlocked |-> FALSE ]

State 8: <DeliverReceipt line 85, col 3 to line 90, col 79 of module deletion_queue_oracle>
s = [ position |-> 3,
  database |-> 2,
  managed |-> <<FALSE, FALSE>>,
  blockers |-> <<FALSE, TRUE>>,
  transactionActive |-> FALSE,
  status |-> <<"error", "error">>,
  publicRow |-> <<"A", "empty">>,
  createdSecond |-> TRUE,
  target |-> <<1, 2>>,
  request |-> <<"nativeSuccess", "announced">>,
  nativeSuccess |-> {1},
  callerSuccess |-> {1},
  deletedWhileBlocked |-> FALSE ]

22 states generated, 16 distinct states found, 3 states left on queue.
The depth of the complete state graph search is 8.
The average outdegree of the complete state graph is 1 (minimum is 0, the maximum 3 and the 95th percentile is 3).
Finished in 00s at (2026-10-05 22:34:31)
