TAP version 13
# Subtest: actual analyzer replacement, clear, unsupported and stale revisions stay distinct
not ok 1 - actual analyzer replacement, clear, unsupported and stale revisions stay distinct
  ---
  duration_ms: 3477.241834
  location: '/Users/kylemathews/.codex/worktrees/e079/tanstack-db/probes/endpoints/track-c-agent-feedback/phase2/delivery.test.mjs:12:1'
  failureType: 'testCodeFailure'
  error: |-
    Expected values to be strictly equal:
    
    'stale' !== 'error'
    
  code: 'ERR_ASSERTION'
  name: 'AssertionError'
  expected: 'error'
  actual: 'stale'
  operator: 'strictEqual'
  stack: |-
    TestContext.<anonymous> (file:///Users/kylemathews/.codex/worktrees/e079/tanstack-db/probes/endpoints/track-c-agent-feedback/phase2/delivery.test.mjs:60:10)
    Test.runInAsyncScope (node:async_hooks:211:14)
    Test.run (node:internal/test_runner/test:931:25)
    Test.start (node:internal/test_runner/test:829:17)
    startSubtestAfterBootstrap (node:internal/test_runner/harness:296:17)
  ...
# Subtest: expected revision is rechecked across checker read boundary
not ok 2 - expected revision is rechecked across checker read boundary
  ---
  duration_ms: 809.735334
  location: '/Users/kylemathews/.codex/worktrees/e079/tanstack-db/probes/endpoints/track-c-agent-feedback/phase2/delivery.test.mjs:63:1'
  failureType: 'testCodeFailure'
  error: |-
    Expected values to be strictly equal:
    + actual - expected
    
    + 'violation'
    - 'stale'
    
  code: 'ERR_ASSERTION'
  name: 'AssertionError'
  expected: 'stale'
  actual: 'violation'
  operator: 'strictEqual'
  stack: |-
    TestContext.<anonymous> (file:///Users/kylemathews/.codex/worktrees/e079/tanstack-db/probes/endpoints/track-c-agent-feedback/phase2/delivery.test.mjs:71:10)
    Test.runInAsyncScope (node:async_hooks:211:14)
    Test.run (node:internal/test_runner/test:931:25)
    Test.processPendingSubtests (node:internal/test_runner/test:629:18)
    Test.postRun (node:internal/test_runner/test:1042:19)
    Test.run (node:internal/test_runner/test:970:12)
    async startSubtestAfterBootstrap (node:internal/test_runner/harness:296:3)
  ...
1..2
# tests 2
# suites 0
# pass 0
# fail 2
# cancelled 0
# skipped 0
# todo 0
# duration_ms 4348.441541
