vite v7.3.2 building client environment for production...
transforming...
✓ 155 modules transformed.
rendering chunks...
computing gzip size...
dist/client/assets/index-Cjp78VKr.js    4.92 kB │ gzip:   2.17 kB
dist/client/assets/main-RuFVtCSk.js   315.46 kB │ gzip: 100.11 kB
✓ built in 788ms
vite v7.3.2 building ssr environment for production...
transforming...
✓ 107 modules transformed.
rendering chunks...
dist/server/assets/start-HYkvq4Ni.js                         0.06 kB
dist/server/assets/shared-DuL2RDBk.js                        0.07 kB
dist/server/assets/_tanstack-start-manifest_v-D8ZxG2OL.js    0.54 kB
dist/server/assets/router-CHhdKsfm.js                        0.98 kB
dist/server/assets/endpoint-LISOVeGR.js                      1.35 kB
dist/server/assets/index-DSTwQdRA.js                         1.79 kB
dist/server/server.js                                      145.32 kB
✓ built in 265ms
