vite v7.3.2 building client environment for production...
transforming...
✓ 156 modules transformed.
rendering chunks...
computing gzip size...
dist/client/assets/index-C4fqV2Df.js    4.96 kB │ gzip:   2.21 kB
dist/client/assets/main-rMnrIZyG.js   315.46 kB │ gzip: 100.11 kB
✓ built in 800ms
vite v7.3.2 building ssr environment for production...
transforming...
✓ 107 modules transformed.
rendering chunks...
dist/server/assets/start-HYkvq4Ni.js                         0.06 kB
dist/server/assets/shared-BO0pui4k.js                        0.24 kB
dist/server/assets/_tanstack-start-manifest_v-DlR2W41j.js    0.54 kB
dist/server/assets/router-B0Fj9tn3.js                        0.98 kB
dist/server/assets/endpoint-YXjiMfUI.js                      1.25 kB
dist/server/assets/index-Cj8nb0bV.js                         1.84 kB
dist/server/server.js                                      145.32 kB
✓ built in 277ms
