vite v7.3.2 building client environment for production...
transforming...
✓ 155 modules transformed.
rendering chunks...
computing gzip size...
dist/client/assets/index-B0FUfIIH.js    4.92 kB │ gzip:   2.17 kB
dist/client/assets/main-CpmXQulZ.js   315.46 kB │ gzip: 100.11 kB
✓ built in 789ms
vite v7.3.2 building ssr environment for production...
transforming...
✓ 107 modules transformed.
rendering chunks...
dist/server/assets/start-HYkvq4Ni.js                         0.06 kB
dist/server/assets/shared-DuL2RDBk.js                        0.07 kB
dist/server/assets/_tanstack-start-manifest_v-uem1LQy9.js    0.54 kB
dist/server/assets/router-CcvBnJGN.js                        0.98 kB
dist/server/assets/endpoint-BHJgtIao.js                      1.33 kB
dist/server/assets/index-D281lDRl.js                         1.78 kB
dist/server/server.js                                      145.32 kB
✓ built in 264ms
