vite v7.3.2 building client environment for production...
transforming...
✓ 156 modules transformed.
rendering chunks...
computing gzip size...
dist/client/assets/index-BRWTmea_.js    4.96 kB │ gzip:   2.21 kB
dist/client/assets/main-DFtXCX6m.js   315.46 kB │ gzip: 100.11 kB
✓ built in 896ms
vite v7.3.2 building ssr environment for production...
transforming...
✓ 108 modules transformed.
rendering chunks...
dist/server/assets/start-HYkvq4Ni.js                         0.06 kB
dist/server/assets/shared-C7faygbr.js                        0.11 kB
dist/server/assets/_tanstack-start-manifest_v-BRSww-Oe.js    0.54 kB
dist/server/assets/router-OT29ka7i.js                        0.98 kB
dist/server/assets/endpoint-R4-s6VJo.js                      1.33 kB
dist/server/assets/index-B-YVI1Sx.js                         1.78 kB
dist/server/server.js                                      145.32 kB
✓ built in 313ms
