vite v7.3.2 building client environment for production...
transforming...
✓ 155 modules transformed.
rendering chunks...
computing gzip size...
dist/client/assets/index-B0FUfIIH.js    4.96 kB │ gzip:   2.21 kB │ map:    28.80 kB
dist/client/assets/main-CpmXQulZ.js   315.50 kB │ gzip: 100.15 kB │ map: 1,453.46 kB
✓ built in 955ms
vite v7.3.2 building ssr environment for production...
transforming...
✓ 107 modules transformed.
rendering chunks...
dist/server/assets/start-HYkvq4Ni.js                         0.10 kB │ map:   0.45 kB
dist/server/assets/shared-DuL2RDBk.js                        0.11 kB │ map:   0.22 kB
dist/server/assets/_tanstack-start-manifest_v-uem1LQy9.js    0.60 kB │ map:   0.12 kB
dist/server/assets/router-CcvBnJGN.js                        1.03 kB │ map:   3.68 kB
dist/server/assets/endpoint-BHJgtIao.js                      1.38 kB │ map:   2.39 kB
dist/server/assets/index-D281lDRl.js                         1.82 kB │ map:   3.49 kB
dist/server/server.js                                      145.35 kB │ map: 427.90 kB
✓ built in 311ms
